---
source: src/tests.rs
info:
  program: script-exec
  args:
    - success=./examples/success.sh
---
success: true
exit_code: 0
----- stdout -----
‚è≥ success
[1A[2K‚úÖ success [<SECONDS>s]

----- stderr -----
