---
source: src/tests.rs
info:
  program: script-exec
  args:
    - "--style=emoji"
    - failing=./examples/failing.sh
---
success: false
exit_code: 1
----- stdout -----
‚è≥ failing
[1A[2K‚ùå failing [<SECONDS>s]
Output:
should fail

----- stderr -----
