---
source: src/tests.rs
info:
  program: script-exec
  args:
    - success=./examples/success.sh
    - success=./examples/success-1.sh
    - success=./examples/success-3.sh
    - fail=./examples/failing.sh
    - fail=./examples/failing-1.sh
    - fail=./examples/failing-3.sh
---
success: false
exit_code: 1
----- stdout -----
‚è≥ success
[1A[2K‚è≥ success
‚è≥ success
[1A[2K[1A[2K‚è≥ success
‚è≥ success
‚è≥ success
[1A[2K[1A[2K[1A[2K‚úÖ success [0.01s]
‚è≥ fail
[1A[2K‚ùå fail [0.01s]
Output:
should fail
‚è≥ fail
[1A[2K‚úÖ success [1.01s]
‚è≥ fail
[1A[2K‚è≥ fail
‚è≥ fail
[1A[2K[1A[2K‚ùå fail [1.01s]
Output:
should fail
‚úÖ success [3.01s]
‚ùå fail [3.01s]
Output:
should fail

----- stderr -----
